            id: stm32f051R8T6
          name: stm32f051
        family: f
    sub-family: 051
          part: R8
       package: LQFP64
    flash size: 64
   temperature: -40 min to 85 max
    datasheet: https://www.st.com/resource/en/datasheet/stm32f051R8.pdf
