Available commands:
   decode <id>   - Decode an device identification number
   show <id> <device> [device|info]
                 - Show device informations from <device> file that match <id> device
                   Select 'device' to show all data (the default), 'info' for device informations only
   help          - Print this message
