DeviceIn {
    name: "stm32f051",
    info: DeviceInfoIn {
        datasheet: "https://somewhere.org/",
        reference: "https://somewhereelse.org/",
        svd: "stm32f0x1"
    },
    parts: [
        DevicePartIn {
            name: Part(
                "K4"
            ),
            ram: RamSize(
                8
            ),
            packages: [
                LQFP32,
                UFQFPN32
            ]
        },
        DevicePartIn {
            name: Part(
                "K6"
            ),
            ram: RamSize(
                8
            ),
            packages: [
                LQFP32,
                UFQFPN32
            ]
        },
        DevicePartIn {
            name: Part(
                "K8"
            ),
            ram: RamSize(
                8
            ),
            packages: [
                LQFP32,
                UFQFPN32
            ]
        },
        DevicePartIn {
            name: Part(
                "T8"
            ),
            ram: RamSize(
                8
            ),
            packages: [
                WLCSP36
            ]
        },
        DevicePartIn {
            name: Part(
                "C4"
            ),
            ram: RamSize(
                8
            ),
            packages: [
                LQFP48,
                UFQFPN48
            ]
        },
        DevicePartIn {
            name: Part(
                "C6"
            ),
            ram: RamSize(
                8
            ),
            packages: [
                LQFP48,
                UFQFPN48
            ]
        },
        DevicePartIn {
            name: Part(
                "C8"
            ),
            ram: RamSize(
                8
            ),
            packages: [
                LQFP48,
                UFQFPN48
            ]
        },
        DevicePartIn {
            name: Part(
                "R4"
            ),
            ram: RamSize(
                8
            ),
            packages: [
                LQFP64,
                UFBGA64
            ]
        },
        DevicePartIn {
            name: Part(
                "R6"
            ),
            ram: RamSize(
                8
            ),
            packages: [
                LQFP64,
                UFBGA64
            ]
        },
        DevicePartIn {
            name: Part(
                "R8"
            ),
            ram: RamSize(
                8
            ),
            packages: [
                LQFP64,
                UFBGA64
            ]
        }
    ],
    peripherals: PeripheralsIn {
        gpio: Some(
            GpioIn {
                version: 2,
                banks: [
                    GpioBankIn {
                        name: "GPIOA,",
                        pins: [
                            GpioPinIn {
                                name: "PA0",
                                initial_mode: None
                            },
                            GpioPinIn {
                                name: "PA1",
                                initial_mode: None
                            },
                            GpioPinIn {
                                name: "PA2",
                                initial_mode: None
                            },
                            GpioPinIn {
                                name: "PA3",
                                initial_mode: None
                            },
                            GpioPinIn {
                                name: "PA4",
                                initial_mode: None
                            },
                            GpioPinIn {
                                name: "PA5",
                                initial_mode: None
                            },
                            GpioPinIn {
                                name: "PA6",
                                initial_mode: None
                            },
                            GpioPinIn {
                                name: "PA7",
                                initial_mode: None
                            },
                            GpioPinIn {
                                name: "PA8",
                                initial_mode: None
                            },
                            GpioPinIn {
                                name: "PA9",
                                initial_mode: None
                            },
                            GpioPinIn {
                                name: "PA10",
                                initial_mode: None
                            },
                            GpioPinIn {
                                name: "PA11",
                                initial_mode: None
                            },
                            GpioPinIn {
                                name: "PA12",
                                initial_mode: None
                            },
                            GpioPinIn {
                                name: "PA13",
                                initial_mode: None
                            },
                            GpioPinIn {
                                name: "PA14",
                                initial_mode: None
                            },
                            GpioPinIn {
                                name: "PA15",
                                initial_mode: None
                            }
                        ]
                    }
                ]
            }
        )
    }
}
