---
buses:
  - peripheral: gpioa
    bus: AHB
    field: IOPA
    resetable: true
  - peripheral: gpiob
    bus: AHB
    field: IOPB
    resetable: true
  - peripheral: gpioc
    bus: AHB
    field: IOPC
    resetable: true
  - peripheral: gpiod
    bus: AHB
    field: IOPD
    resetable: true
  - peripheral: gpiof
    bus: AHB
    field: IOPF
    resetable: true
