---
id: stm32f051R8T6
part: R8
package: LQFP64
flash_size: 64
ram_size: 8
temperature:
  min: -40
  max: 85
datasheet_url: "https://www.st.com/resource/en/datasheet/stm32f051R8.pdf"
reference_url: "https://www.st.com/resource/en/reference_manual/RefManual.pdf"
svd: stm32f0x1
