Updates Cargo-toml with device part numbers found on:
	stm32f051.yaml
